Java HotSpot(TM) 64-Bit Server VM (25.281-b09) for windows-amd64 JRE (1.8.0_281-b09), built on Dec  9 2020 13:54:07 by "" with MS VC++ 15.9 (VS2017)
Memory: 4k page, physical 16650608k(10290964k free), swap 19140976k(10837740k free)
CommandLine flags: -XX:InitialHeapSize=536870912 -XX:MaxHeapSize=536870912 -XX:+PrintGC -XX:+PrintGCDateStamps -XX:+PrintGCTimeStamps -XX:+UseCompressedClassPointers -XX:+UseCompressedOops -XX:+UseG1GC -XX:-UseLargePagesIndividualAllocation 
2021-05-24T10:46:38.706+0800: 0.089: [GC pause (G1 Evacuation Pause) (young) 28M->7854K(512M), 0.0052976 secs]
2021-05-24T10:46:38.720+0800: 0.102: [GC pause (G1 Evacuation Pause) (young) 39M->18M(512M), 0.0043950 secs]
2021-05-24T10:46:38.863+0800: 0.246: [GC pause (G1 Evacuation Pause) (young)-- 406M->249M(512M), 0.0120362 secs]
2021-05-24T10:46:38.876+0800: 0.258: [GC pause (G1 Evacuation Pause) (young) 250M->249M(512M), 0.0080279 secs]
2021-05-24T10:46:38.884+0800: 0.267: [GC pause (G1 Humongous Allocation) (young) (initial-mark) 254M->251M(512M), 0.0017261 secs]
2021-05-24T10:46:38.887+0800: 0.269: [GC concurrent-root-region-scan-start]
2021-05-24T10:46:38.887+0800: 0.269: [GC concurrent-root-region-scan-end, 0.0000968 secs]
2021-05-24T10:46:38.887+0800: 0.269: [GC concurrent-mark-start]
2021-05-24T10:46:38.888+0800: 0.270: [GC concurrent-mark-end, 0.0010855 secs]
2021-05-24T10:46:38.888+0800: 0.270: [GC remark, 0.0008843 secs]
2021-05-24T10:46:38.889+0800: 0.271: [GC cleanup 261M->260M(512M), 0.0003891 secs]
2021-05-24T10:46:38.889+0800: 0.271: [GC concurrent-cleanup-start]
2021-05-24T10:46:38.889+0800: 0.271: [GC concurrent-cleanup-end, 0.0000072 secs]
2021-05-24T10:46:38.916+0800: 0.298: [GC pause (G1 Evacuation Pause) (young)-- 457M->403M(512M), 0.0044808 secs]
2021-05-24T10:46:38.924+0800: 0.306: [GC pause (G1 Evacuation Pause) (mixed) 425M->360M(512M), 0.0047462 secs]
2021-05-24T10:46:38.933+0800: 0.315: [GC pause (G1 Evacuation Pause) (mixed) 385M->324M(512M), 0.0038279 secs]
2021-05-24T10:46:38.940+0800: 0.322: [GC pause (G1 Evacuation Pause) (mixed) 351M->323M(512M), 0.0040943 secs]
2021-05-24T10:46:38.945+0800: 0.327: [GC pause (G1 Humongous Allocation) (young) (initial-mark) 330M->324M(512M), 0.0030227 secs]
2021-05-24T10:46:38.949+0800: 0.330: [GC concurrent-root-region-scan-start]
2021-05-24T10:46:38.949+0800: 0.331: [GC concurrent-root-region-scan-end, 0.0001884 secs]
2021-05-24T10:46:38.949+0800: 0.331: [GC concurrent-mark-start]
2021-05-24T10:46:38.950+0800: 0.332: [GC concurrent-mark-end, 0.0014613 secs]
2021-05-24T10:46:38.950+0800: 0.332: [GC remark, 0.0014812 secs]
2021-05-24T10:46:38.952+0800: 0.334: [GC cleanup 339M->330M(512M), 0.0008330 secs]
2021-05-24T10:46:38.953+0800: 0.335: [GC concurrent-cleanup-start]
2021-05-24T10:46:38.953+0800: 0.335: [GC concurrent-cleanup-end, 0.0000109 secs]
2021-05-24T10:46:38.965+0800: 0.347: [GC pause (G1 Evacuation Pause) (young) 409M->346M(512M), 0.0061806 secs]
2021-05-24T10:46:38.973+0800: 0.355: [GC pause (G1 Evacuation Pause) (mixed) 366M->306M(512M), 0.0046537 secs]
2021-05-24T10:46:38.981+0800: 0.363: [GC pause (G1 Evacuation Pause) (mixed) 333M->278M(512M), 0.0105000 secs]
2021-05-24T10:46:38.995+0800: 0.377: [GC pause (G1 Evacuation Pause) (mixed) 303M->263M(512M), 0.0049673 secs]
2021-05-24T10:46:39.001+0800: 0.383: [GC pause (G1 Humongous Allocation) (young) (initial-mark) 268M->265M(512M), 0.0026846 secs]
2021-05-24T10:46:39.004+0800: 0.386: [GC concurrent-root-region-scan-start]
2021-05-24T10:46:39.004+0800: 0.386: [GC concurrent-root-region-scan-end, 0.0001299 secs]
2021-05-24T10:46:39.004+0800: 0.386: [GC concurrent-mark-start]
2021-05-24T10:46:39.005+0800: 0.387: [GC concurrent-mark-end, 0.0012358 secs]
2021-05-24T10:46:39.005+0800: 0.387: [GC remark, 0.0014150 secs]
2021-05-24T10:46:39.006+0800: 0.389: [GC cleanup 277M->277M(512M), 0.0006616 secs]
2021-05-24T10:46:39.026+0800: 0.409: [GC pause (G1 Evacuation Pause) (young) 405M->307M(512M), 0.0083536 secs]
2021-05-24T10:46:39.036+0800: 0.419: [GC pause (G1 Evacuation Pause) (mixed) 321M->290M(512M), 0.0069487 secs]
2021-05-24T10:46:39.044+0800: 0.426: [GC pause (G1 Humongous Allocation) (young) (initial-mark) 293M->291M(512M), 0.0014505 secs]
2021-05-24T10:46:39.045+0800: 0.428: [GC concurrent-root-region-scan-start]
2021-05-24T10:46:39.045+0800: 0.428: [GC concurrent-root-region-scan-end, 0.0000802 secs]
2021-05-24T10:46:39.045+0800: 0.428: [GC concurrent-mark-start]
2021-05-24T10:46:39.047+0800: 0.429: [GC concurrent-mark-end, 0.0014993 secs]
2021-05-24T10:46:39.047+0800: 0.430: [GC remark, 0.0014526 secs]
2021-05-24T10:46:39.049+0800: 0.431: [GC cleanup 298M->298M(512M), 0.0009213 secs]
2021-05-24T10:46:39.067+0800: 0.449: [GC pause (G1 Evacuation Pause) (young) 413M->320M(512M), 0.0060836 secs]
2021-05-24T10:46:39.075+0800: 0.457: [GC pause (G1 Evacuation Pause) (mixed) 337M->302M(512M), 0.0082597 secs]
2021-05-24T10:46:39.085+0800: 0.467: [GC pause (G1 Humongous Allocation) (young) (initial-mark) 305M->303M(512M), 0.0030100 secs]
2021-05-24T10:46:39.088+0800: 0.470: [GC concurrent-root-region-scan-start]
2021-05-24T10:46:39.088+0800: 0.470: [GC concurrent-root-region-scan-end, 0.0000860 secs]
2021-05-24T10:46:39.088+0800: 0.470: [GC concurrent-mark-start]
2021-05-24T10:46:39.089+0800: 0.471: [GC concurrent-mark-end, 0.0014462 secs]
2021-05-24T10:46:39.089+0800: 0.471: [GC remark, 0.0016166 secs]
2021-05-24T10:46:39.091+0800: 0.473: [GC cleanup 313M->313M(512M), 0.0007032 secs]
2021-05-24T10:46:39.106+0800: 0.489: [GC pause (G1 Evacuation Pause) (young) 406M->330M(512M), 0.0056289 secs]
2021-05-24T10:46:39.114+0800: 0.496: [GC pause (G1 Evacuation Pause) (mixed) 349M->314M(512M), 0.0073822 secs]
2021-05-24T10:46:39.123+0800: 0.505: [GC pause (G1 Humongous Allocation) (young) (initial-mark) 320M->315M(512M), 0.0019271 secs]
2021-05-24T10:46:39.125+0800: 0.507: [GC concurrent-root-region-scan-start]
2021-05-24T10:46:39.125+0800: 0.507: [GC concurrent-root-region-scan-end, 0.0002009 secs]
2021-05-24T10:46:39.125+0800: 0.507: [GC concurrent-mark-start]
2021-05-24T10:46:39.127+0800: 0.509: [GC concurrent-mark-end, 0.0021817 secs]
2021-05-24T10:46:39.127+0800: 0.510: [GC remark, 0.0018495 secs]
2021-05-24T10:46:39.129+0800: 0.511: [GC cleanup 327M->326M(512M), 0.0011544 secs]
2021-05-24T10:46:39.131+0800: 0.513: [GC concurrent-cleanup-start]
2021-05-24T10:46:39.131+0800: 0.513: [GC concurrent-cleanup-end, 0.0000095 secs]
2021-05-24T10:46:39.142+0800: 0.524: [GC pause (G1 Evacuation Pause) (young) 410M->340M(512M), 0.0064970 secs]
2021-05-24T10:46:39.152+0800: 0.534: [GC pause (G1 Evacuation Pause) (mixed) 358M->323M(512M), 0.0078467 secs]
2021-05-24T10:46:39.160+0800: 0.542: [GC pause (G1 Humongous Allocation) (young) (initial-mark) 328M->325M(512M), 0.0027947 secs]
2021-05-24T10:46:39.163+0800: 0.545: [GC concurrent-root-region-scan-start]
2021-05-24T10:46:39.163+0800: 0.545: [GC concurrent-root-region-scan-end, 0.0000987 secs]
2021-05-24T10:46:39.163+0800: 0.545: [GC concurrent-mark-start]
2021-05-24T10:46:39.165+0800: 0.547: [GC concurrent-mark-end, 0.0018889 secs]
2021-05-24T10:46:39.165+0800: 0.547: [GC remark, 0.0021103 secs]
2021-05-24T10:46:39.168+0800: 0.550: [GC cleanup 338M->338M(512M), 0.0011396 secs]
2021-05-24T10:46:39.181+0800: 0.563: [GC pause (G1 Evacuation Pause) (young) 420M->350M(512M), 0.0056235 secs]
2021-05-24T10:46:39.189+0800: 0.571: [GC pause (G1 Evacuation Pause) (mixed) 370M->335M(512M), 0.0075504 secs]
2021-05-24T10:46:39.197+0800: 0.579: [GC pause (G1 Humongous Allocation) (young) (initial-mark) 336M->335M(512M), 0.0025681 secs]
2021-05-24T10:46:39.200+0800: 0.582: [GC concurrent-root-region-scan-start]
2021-05-24T10:46:39.200+0800: 0.582: [GC concurrent-root-region-scan-end, 0.0001779 secs]
2021-05-24T10:46:39.200+0800: 0.582: [GC concurrent-mark-start]
2021-05-24T10:46:39.201+0800: 0.583: [GC concurrent-mark-end, 0.0014702 secs]
2021-05-24T10:46:39.201+0800: 0.584: [GC remark, 0.0016741 secs]
2021-05-24T10:46:39.203+0800: 0.585: [GC cleanup 346M->346M(512M), 0.0007365 secs]
2021-05-24T10:46:39.212+0800: 0.594: [GC pause (G1 Evacuation Pause) (young) 395M->352M(512M), 0.0054707 secs]
2021-05-24T10:46:39.220+0800: 0.603: [GC pause (G1 Evacuation Pause) (mixed) 375M->339M(512M), 0.0094550 secs]
2021-05-24T10:46:39.230+0800: 0.612: [GC pause (G1 Humongous Allocation) (young) (initial-mark) 340M->340M(512M), 0.0025866 secs]
2021-05-24T10:46:39.232+0800: 0.615: [GC concurrent-root-region-scan-start]
2021-05-24T10:46:39.232+0800: 0.615: [GC concurrent-root-region-scan-end, 0.0000844 secs]
2021-05-24T10:46:39.232+0800: 0.615: [GC concurrent-mark-start]
2021-05-24T10:46:39.234+0800: 0.616: [GC concurrent-mark-end, 0.0015770 secs]
2021-05-24T10:46:39.235+0800: 0.617: [GC remark, 0.0017658 secs]
2021-05-24T10:46:39.236+0800: 0.619: [GC cleanup 350M->350M(512M), 0.0007244 secs]
2021-05-24T10:46:39.246+0800: 0.628: [GC pause (G1 Evacuation Pause) (young) 408M->358M(512M), 0.0045055 secs]
2021-05-24T10:46:39.255+0800: 0.636: [GC pause (G1 Evacuation Pause) (mixed) 382M->348M(512M), 0.0071199 secs]
2021-05-24T10:46:39.262+0800: 0.644: [GC pause (G1 Humongous Allocation) (young) (initial-mark) 349M->348M(512M), 0.0021820 secs]
2021-05-24T10:46:39.264+0800: 0.646: [GC concurrent-root-region-scan-start]
2021-05-24T10:46:39.264+0800: 0.646: [GC concurrent-root-region-scan-end, 0.0001823 secs]
2021-05-24T10:46:39.264+0800: 0.646: [GC concurrent-mark-start]
2021-05-24T10:46:39.266+0800: 0.648: [GC concurrent-mark-end, 0.0018690 secs]
2021-05-24T10:46:39.266+0800: 0.648: [GC remark, 0.0021705 secs]
2021-05-24T10:46:39.269+0800: 0.651: [GC cleanup 364M->364M(512M), 0.0009306 secs]
2021-05-24T10:46:39.276+0800: 0.658: [GC pause (G1 Evacuation Pause) (young) 407M->366M(512M), 0.0044143 secs]
2021-05-24T10:46:39.285+0800: 0.668: [GC pause (G1 Evacuation Pause) (mixed) 391M->358M(512M), 0.0065376 secs]
2021-05-24T10:46:39.293+0800: 0.676: [GC pause (G1 Humongous Allocation) (young) (initial-mark) 361M->358M(512M), 0.0017161 secs]
2021-05-24T10:46:39.295+0800: 0.677: [GC concurrent-root-region-scan-start]
2021-05-24T10:46:39.295+0800: 0.678: [GC concurrent-root-region-scan-end, 0.0001884 secs]
2021-05-24T10:46:39.295+0800: 0.678: [GC concurrent-mark-start]
2021-05-24T10:46:39.297+0800: 0.680: [GC concurrent-mark-end, 0.0024781 secs]
2021-05-24T10:46:39.298+0800: 0.680: [GC remark, 0.0019126 secs]
2021-05-24T10:46:39.300+0800: 0.682: [GC cleanup 366M->366M(512M), 0.0013775 secs]
2021-05-24T10:46:39.312+0800: 0.695: [GC pause (G1 Evacuation Pause) (young) 397M->364M(512M), 0.0040598 secs]
2021-05-24T10:46:39.319+0800: 0.702: [GC pause (G1 Evacuation Pause) (mixed) 388M->353M(512M), 0.0072920 secs]
2021-05-24T10:46:39.327+0800: 0.709: [GC pause (G1 Humongous Allocation) (young) (initial-mark) 354M->353M(512M), 0.0029926 secs]
2021-05-24T10:46:39.330+0800: 0.712: [GC concurrent-root-region-scan-start]
2021-05-24T10:46:39.330+0800: 0.713: [GC concurrent-root-region-scan-end, 0.0002162 secs]
2021-05-24T10:46:39.330+0800: 0.713: [GC concurrent-mark-start]
2021-05-24T10:46:39.333+0800: 0.715: [GC concurrent-mark-end, 0.0024474 secs]
2021-05-24T10:46:39.333+0800: 0.715: [GC remark, 0.0028659 secs]
2021-05-24T10:46:39.336+0800: 0.719: [GC cleanup 368M->368M(512M), 0.0014417 secs]
2021-05-24T10:46:39.346+0800: 0.729: [GC pause (G1 Evacuation Pause) (young) 404M->370M(512M), 0.0041549 secs]
2021-05-24T10:46:39.354+0800: 0.736: [GC pause (G1 Evacuation Pause) (mixed) 394M->363M(512M), 0.0084801 secs]
2021-05-24T10:46:39.363+0800: 0.745: [GC pause (G1 Humongous Allocation) (young) (initial-mark) 363M->363M(512M), 0.0022710 secs]
2021-05-24T10:46:39.365+0800: 0.747: [GC concurrent-root-region-scan-start]
2021-05-24T10:46:39.365+0800: 0.747: [GC concurrent-root-region-scan-end, 0.0000107 secs]
2021-05-24T10:46:39.365+0800: 0.747: [GC concurrent-mark-start]
2021-05-24T10:46:39.366+0800: 0.749: [GC concurrent-mark-end, 0.0015224 secs]
2021-05-24T10:46:39.366+0800: 0.749: [GC remark, 0.0017689 secs]
2021-05-24T10:46:39.369+0800: 0.751: [GC cleanup 374M->373M(512M), 0.0008927 secs]
2021-05-24T10:46:39.370+0800: 0.752: [GC concurrent-cleanup-start]
2021-05-24T10:46:39.370+0800: 0.752: [GC concurrent-cleanup-end, 0.0000105 secs]
2021-05-24T10:46:39.375+0800: 0.756: [GC pause (G1 Evacuation Pause) (young) 399M->375M(512M), 0.0040883 secs]
2021-05-24T10:46:39.383+0800: 0.764: [GC pause (G1 Evacuation Pause) (mixed) 403M->374M(512M), 0.0074697 secs]
2021-05-24T10:46:39.390+0800: 0.772: [GC pause (G1 Humongous Allocation) (young) (initial-mark) 376M->375M(512M), 0.0028866 secs]
2021-05-24T10:46:39.393+0800: 0.775: [GC concurrent-root-region-scan-start]
2021-05-24T10:46:39.393+0800: 0.775: [GC concurrent-root-region-scan-end, 0.0001173 secs]
2021-05-24T10:46:39.393+0800: 0.775: [GC concurrent-mark-start]
2021-05-24T10:46:39.395+0800: 0.777: [GC concurrent-mark-end, 0.0016628 secs]
2021-05-24T10:46:39.395+0800: 0.777: [GC remark, 0.0015671 secs]
2021-05-24T10:46:39.396+0800: 0.779: [GC cleanup 389M->388M(512M), 0.0005281 secs]
2021-05-24T10:46:39.397+0800: 0.779: [GC concurrent-cleanup-start]
2021-05-24T10:46:39.397+0800: 0.779: [GC concurrent-cleanup-end, 0.0000108 secs]
2021-05-24T10:46:39.400+0800: 0.783: [GC pause (G1 Evacuation Pause) (young) 408M->387M(512M), 0.0032431 secs]
2021-05-24T10:46:39.408+0800: 0.790: [GC pause (G1 Evacuation Pause) (mixed)-- 416M->396M(512M), 0.0066098 secs]
2021-05-24T10:46:39.415+0800: 0.797: [GC pause (G1 Humongous Allocation) (young) (initial-mark) 397M->396M(512M), 0.0016105 secs]
2021-05-24T10:46:39.416+0800: 0.799: [GC concurrent-root-region-scan-start]
2021-05-24T10:46:39.416+0800: 0.799: [GC concurrent-root-region-scan-end, 0.0000900 secs]
2021-05-24T10:46:39.416+0800: 0.799: [GC concurrent-mark-start]
2021-05-24T10:46:39.418+0800: 0.800: [GC concurrent-mark-end, 0.0015263 secs]
2021-05-24T10:46:39.418+0800: 0.801: [GC remark, 0.0016492 secs]
2021-05-24T10:46:39.420+0800: 0.802: [GC cleanup 406M->406M(512M), 0.0005919 secs]
2021-05-24T10:46:39.423+0800: 0.805: [GC pause (G1 Evacuation Pause) (young) 426M->405M(512M), 0.0028300 secs]
2021-05-24T10:46:39.429+0800: 0.811: [GC pause (G1 Evacuation Pause) (mixed)-- 430M->415M(512M), 0.0043085 secs]
2021-05-24T10:46:39.438+0800: 0.820: [GC pause (G1 Evacuation Pause) (mixed)-- 441M->433M(512M), 0.0026867 secs]
2021-05-24T10:46:39.441+0800: 0.823: [GC pause (G1 Humongous Allocation) (young) (initial-mark) 434M->433M(512M), 0.0016273 secs]
2021-05-24T10:46:39.443+0800: 0.825: [GC concurrent-root-region-scan-start]
2021-05-24T10:46:39.443+0800: 0.825: [GC concurrent-root-region-scan-end, 0.0000689 secs]
2021-05-24T10:46:39.443+0800: 0.825: [GC concurrent-mark-start]
2021-05-24T10:46:39.444+0800: 0.827: [GC concurrent-mark-end, 0.0015272 secs]
2021-05-24T10:46:39.444+0800: 0.827: [GC remark, 0.0015316 secs]
2021-05-24T10:46:39.446+0800: 0.828: [GC cleanup 446M->444M(512M), 0.0006493 secs]
2021-05-24T10:46:39.447+0800: 0.829: [GC concurrent-cleanup-start]
2021-05-24T10:46:39.447+0800: 0.829: [GC concurrent-cleanup-end, 0.0000100 secs]
2021-05-24T10:46:39.448+0800: 0.830: [GC pause (G1 Evacuation Pause) (young)-- 450M->447M(512M), 0.0013668 secs]
2021-05-24T10:46:39.450+0800: 0.832: [GC pause (G1 Humongous Allocation) (mixed)-- 452M->448M(512M), 0.0010982 secs]
2021-05-24T10:46:39.451+0800: 0.833: [GC pause (G1 Evacuation Pause) (mixed)-- 452M->451M(512M), 0.0012969 secs]
2021-05-24T10:46:39.453+0800: 0.835: [GC pause (G1 Humongous Allocation) (mixed)-- 453M->452M(512M), 0.0008317 secs]
2021-05-24T10:46:39.454+0800: 0.836: [GC pause (G1 Humongous Allocation) (young) (initial-mark)-- 453M->452M(512M), 0.0006086 secs]
2021-05-24T10:46:39.455+0800: 0.837: [GC concurrent-root-region-scan-start]
2021-05-24T10:46:39.455+0800: 0.837: [GC concurrent-root-region-scan-end, 0.0000114 secs]
2021-05-24T10:46:39.455+0800: 0.837: [GC concurrent-mark-start]
2021-05-24T10:46:39.455+0800: 0.837: [GC pause (G1 Evacuation Pause) (young) 453M->452M(512M), 0.0004777 secs]
2021-05-24T10:46:39.455+0800: 0.838: [GC pause (G1 Humongous Allocation) (young)-- 453M->453M(512M), 0.0005977 secs]
2021-05-24T10:46:39.456+0800: 0.838: [Full GC (Allocation Failure)  453M->326M(512M), 0.0418134 secs]
2021-05-24T10:46:39.498+0800: 0.880: [GC concurrent-mark-abort]
2021-05-24T10:46:39.499+0800: 0.881: [GC pause (G1 Humongous Allocation) (young) (initial-mark) 329M->327M(512M), 0.0009140 secs]
2021-05-24T10:46:39.500+0800: 0.882: [GC concurrent-root-region-scan-start]
2021-05-24T10:46:39.500+0800: 0.882: [GC concurrent-root-region-scan-end, 0.0000469 secs]
2021-05-24T10:46:39.500+0800: 0.882: [GC concurrent-mark-start]
2021-05-24T10:46:39.501+0800: 0.883: [GC concurrent-mark-end, 0.0013118 secs]
2021-05-24T10:46:39.501+0800: 0.883: [GC remark, 0.0019673 secs]
2021-05-24T10:46:39.503+0800: 0.885: [GC cleanup 338M->338M(512M), 0.0015719 secs]
2021-05-24T10:46:39.510+0800: 0.892: [GC pause (G1 Evacuation Pause) (young) 376M->344M(512M), 0.0049058 secs]
2021-05-24T10:46:39.515+0800: 0.898: [GC pause (G1 Humongous Allocation) (young) (initial-mark) 345M->345M(512M), 0.0022613 secs]
2021-05-24T10:46:39.518+0800: 0.900: [GC concurrent-root-region-scan-start]
2021-05-24T10:46:39.518+0800: 0.900: [GC concurrent-root-region-scan-end, 0.0000566 secs]
2021-05-24T10:46:39.518+0800: 0.900: [GC concurrent-mark-start]
2021-05-24T10:46:39.519+0800: 0.901: [GC concurrent-mark-end, 0.0014547 secs]
2021-05-24T10:46:39.519+0800: 0.901: [GC remark, 0.0013822 secs]
2021-05-24T10:46:39.520+0800: 0.903: [GC cleanup 353M->353M(512M), 0.0007515 secs]
2021-05-24T10:46:39.524+0800: 0.906: [GC pause (G1 Evacuation Pause) (young) 373M->354M(512M), 0.0032089 secs]
2021-05-24T10:46:39.531+0800: 0.913: [GC pause (G1 Evacuation Pause) (mixed) 380M->358M(512M), 0.0038808 secs]
2021-05-24T10:46:39.536+0800: 0.918: [GC pause (G1 Humongous Allocation) (young) (initial-mark) 362M->358M(512M), 0.0024359 secs]
2021-05-24T10:46:39.539+0800: 0.921: [GC concurrent-root-region-scan-start]
2021-05-24T10:46:39.539+0800: 0.921: [GC concurrent-root-region-scan-end, 0.0001016 secs]
2021-05-24T10:46:39.539+0800: 0.921: [GC concurrent-mark-start]
2021-05-24T10:46:39.540+0800: 0.922: [GC concurrent-mark-end, 0.0014117 secs]
2021-05-24T10:46:39.540+0800: 0.922: [GC remark, 0.0013291 secs]
2021-05-24T10:46:39.542+0800: 0.924: [GC cleanup 370M->370M(512M), 0.0009722 secs]
2021-05-24T10:46:39.545+0800: 0.926: [GC pause (G1 Evacuation Pause) (young) 384M->365M(512M), 0.0026599 secs]
2021-05-24T10:46:39.551+0800: 0.933: [GC pause (G1 Evacuation Pause) (mixed) 390M->361M(512M), 0.0056792 secs]
2021-05-24T10:46:39.556+0800: 0.939: [GC pause (G1 Humongous Allocation) (young) (initial-mark) 363M->361M(512M), 0.0017486 secs]
2021-05-24T10:46:39.558+0800: 0.941: [GC concurrent-root-region-scan-start]
2021-05-24T10:46:39.558+0800: 0.941: [GC concurrent-root-region-scan-end, 0.0000391 secs]
2021-05-24T10:46:39.558+0800: 0.941: [GC concurrent-mark-start]
2021-05-24T10:46:39.559+0800: 0.942: [GC concurrent-mark-end, 0.0014790 secs]
2021-05-24T10:46:39.560+0800: 0.942: [GC remark, 0.0017226 secs]
2021-05-24T10:46:39.562+0800: 0.944: [GC cleanup 371M->371M(512M), 0.0005849 secs]
2021-05-24T10:46:39.565+0800: 0.948: [GC pause (G1 Evacuation Pause) (young) 394M->368M(512M), 0.0032991 secs]
2021-05-24T10:46:39.572+0800: 0.955: [GC pause (G1 Evacuation Pause) (mixed) 395M->367M(512M), 0.0071857 secs]
2021-05-24T10:46:39.580+0800: 0.962: [GC pause (G1 Humongous Allocation) (young) (initial-mark) 368M->367M(512M), 0.0017886 secs]
2021-05-24T10:46:39.582+0800: 0.964: [GC concurrent-root-region-scan-start]
2021-05-24T10:46:39.582+0800: 0.964: [GC concurrent-root-region-scan-end, 0.0000083 secs]
2021-05-24T10:46:39.582+0800: 0.964: [GC concurrent-mark-start]
2021-05-24T10:46:39.583+0800: 0.966: [GC concurrent-mark-end, 0.0015463 secs]
2021-05-24T10:46:39.583+0800: 0.966: [GC remark, 0.0017530 secs]
2021-05-24T10:46:39.586+0800: 0.968: [GC cleanup 382M->382M(512M), 0.0007976 secs]
2021-05-24T10:46:39.589+0800: 0.971: [GC pause (G1 Evacuation Pause) (young) 399M->377M(512M), 0.0034349 secs]
2021-05-24T10:46:39.597+0800: 0.979: [GC pause (G1 Evacuation Pause) (mixed)-- 407M->395M(512M), 0.0064679 secs]
2021-05-24T10:46:39.604+0800: 0.986: [GC pause (G1 Humongous Allocation) (young) (initial-mark) 396M->395M(512M), 0.0014732 secs]
2021-05-24T10:46:39.605+0800: 0.987: [GC concurrent-root-region-scan-start]
2021-05-24T10:46:39.605+0800: 0.987: [GC concurrent-root-region-scan-end, 0.0000086 secs]
2021-05-24T10:46:39.605+0800: 0.987: [GC concurrent-mark-start]
2021-05-24T10:46:39.607+0800: 0.989: [GC concurrent-mark-end, 0.0018026 secs]
2021-05-24T10:46:39.607+0800: 0.989: [GC remark, 0.0014540 secs]
2021-05-24T10:46:39.609+0800: 0.991: [GC cleanup 407M->407M(512M), 0.0004213 secs]
2021-05-24T10:46:39.612+0800: 0.994: [GC pause (G1 Evacuation Pause) (young) 425M->400M(512M), 0.0029793 secs]
2021-05-24T10:46:39.618+0800: 1.001: [GC pause (G1 Evacuation Pause) (mixed)-- 429M->423M(512M), 0.0021929 secs]
2021-05-24T10:46:39.623+0800: 1.004: [GC pause (G1 Evacuation Pause) (mixed)-- 432M->427M(512M), 0.0017125 secs]
2021-05-24T10:46:39.626+0800: 1.007: [GC pause (G1 Evacuation Pause) (mixed)-- 434M->433M(512M), 0.0011918 secs]
2021-05-24T10:46:39.627+0800: 1.009: [GC pause (G1 Evacuation Pause) (young)-- 434M->434M(512M), 0.0005388 secs]
2021-05-24T10:46:39.628+0800: 1.009: [Full GC (Allocation Failure)  434M->339M(512M), 0.0444780 secs]
2021-05-24T10:46:39.671+0800: 1.054: [GC pause (G1 Humongous Allocation) (young) (initial-mark) 340M->339M(512M), 0.0013454 secs]
2021-05-24T10:46:39.673+0800: 1.056: [GC concurrent-root-region-scan-start]
2021-05-24T10:46:39.673+0800: 1.056: [GC concurrent-root-region-scan-end, 0.0000391 secs]
2021-05-24T10:46:39.673+0800: 1.056: [GC concurrent-mark-start]
2021-05-24T10:46:39.675+0800: 1.058: [GC concurrent-mark-end, 0.0022283 secs]
2021-05-24T10:46:39.675+0800: 1.058: [GC remark, 0.0018189 secs]
2021-05-24T10:46:39.677+0800: 1.060: [GC cleanup 352M->352M(512M), 0.0007347 secs]
2021-05-24T10:46:39.682+0800: 1.064: [GC pause (G1 Evacuation Pause) (young) 370M->347M(512M), 0.0030629 secs]
2021-05-24T10:46:39.684+0800: 1.067: [GC pause (G1 Humongous Allocation) (young) (initial-mark) 350M->348M(512M), 0.0015801 secs]
2021-05-24T10:46:39.686+0800: 1.069: [GC concurrent-root-region-scan-start]
2021-05-24T10:46:39.686+0800: 1.069: [GC concurrent-root-region-scan-end, 0.0000376 secs]
2021-05-24T10:46:39.686+0800: 1.069: [GC concurrent-mark-start]
2021-05-24T10:46:39.688+0800: 1.071: [GC concurrent-mark-end, 0.0017862 secs]
2021-05-24T10:46:39.688+0800: 1.071: [GC remark, 0.0016140 secs]
2021-05-24T10:46:39.690+0800: 1.072: [GC cleanup 352M->352M(512M), 0.0017334 secs]
